2024/07/18 17:55:19 ファイルに書き込み
